 Multiple Run Output File
  Run #               Type         Location       Resistance
    1             1                1             50.00000000
    2             2                1             50.00000000
    3             3                1             50.00000000
    4             4                1             50.00000000
    5             5                1             50.00000000
    6             6                1             50.00000000
    7             7                1             50.00000000
    8             8                1             50.00000000
    9             9                1             50.00000000
   10            10                1             50.00000000
   11            11                1             50.00000000
   12             1                2             50.00000000
   13             2                2             50.00000000
   14             3                2             50.00000000
   15             4                2             50.00000000
   16             5                2             50.00000000
   17             6                2             50.00000000
   18             7                2             50.00000000
   19             8                2             50.00000000
   20             9                2             50.00000000
   21            10                2             50.00000000
   22            11                2             50.00000000
   23             1                3             50.00000000
   24             2                3             50.00000000
   25             3                3             50.00000000
   26             4                3             50.00000000
   27             5                3             50.00000000
   28             6                3             50.00000000
   29             7                3             50.00000000
   30             8                3             50.00000000
   31             9                3             50.00000000
   32            10                3             50.00000000
   33            11                3             50.00000000
   34             1                4             50.00000000
   35             2                4             50.00000000
   36             3                4             50.00000000
   37             4                4             50.00000000
   38             5                4             50.00000000
   39             6                4             50.00000000
   40             7                4             50.00000000
   41             8                4             50.00000000
   42             9                4             50.00000000
   43            10                4             50.00000000
   44            11                4             50.00000000
   45             1                5             50.00000000
   46             2                5             50.00000000
   47             3                5             50.00000000
   48             4                5             50.00000000
   49             5                5             50.00000000
   50             6                5             50.00000000
   51             7                5             50.00000000
   52             8                5             50.00000000
   53             9                5             50.00000000
   54            10                5             50.00000000
   55            11                5             50.00000000
   56             1                6             50.00000000
   57             2                6             50.00000000
   58             3                6             50.00000000
   59             4                6             50.00000000
   60             5                6             50.00000000
   61             6                6             50.00000000
   62             7                6             50.00000000
   63             8                6             50.00000000
   64             9                6             50.00000000
   65            10                6             50.00000000
   66            11                6             50.00000000
   67             1                7             50.00000000
   68             2                7             50.00000000
   69             3                7             50.00000000
   70             4                7             50.00000000
   71             5                7             50.00000000
   72             6                7             50.00000000
   73             7                7             50.00000000
   74             8                7             50.00000000
   75             9                7             50.00000000
   76            10                7             50.00000000
   77            11                7             50.00000000
   78             1                8             50.00000000
   79             2                8             50.00000000
   80             3                8             50.00000000
   81             4                8             50.00000000
   82             5                8             50.00000000
   83             6                8             50.00000000
   84             7                8             50.00000000
   85             8                8             50.00000000
   86             9                8             50.00000000
   87            10                8             50.00000000
   88            11                8             50.00000000
   89             1                9             50.00000000
   90             2                9             50.00000000
   91             3                9             50.00000000
   92             4                9             50.00000000
   93             5                9             50.00000000
   94             6                9             50.00000000
   95             7                9             50.00000000
   96             8                9             50.00000000
   97             9                9             50.00000000
   98            10                9             50.00000000
   99            11                9             50.00000000
  100             1               10             50.00000000
  101             2               10             50.00000000
  102             3               10             50.00000000
  103             4               10             50.00000000
  104             5               10             50.00000000
  105             6               10             50.00000000
  106             7               10             50.00000000
  107             8               10             50.00000000
  108             9               10             50.00000000
  109            10               10             50.00000000
  110            11               10             50.00000000
  111             1               11             50.00000000
  112             2               11             50.00000000
  113             3               11             50.00000000
  114             4               11             50.00000000
  115             5               11             50.00000000
  116             6               11             50.00000000
  117             7               11             50.00000000
  118             8               11             50.00000000
  119             9               11             50.00000000
  120            10               11             50.00000000
